// Jest Snapshot v1, https://goo.gl/fbAQLP

exports[`renders properly 1`] = `
<div>
  <div>
    <div
      style={
        Object {
          "height": undefined,
          "overflow": "hidden",
          "position": "relative",
          "whiteSpace": "nowrap",
        }
      }
    >
      <div />
    </div>
  </div>
</div>
`;
