// Jest Snapshot v1, https://goo.gl/fbAQLP

exports[`renders properly 1`] = `
<div>
  <div
    height={15}
    style={
      Object {
        "font": "12px Arial",
      }
    }
  >
    <div
      style={
        Object {
          "overflow": "hidden",
          "position": "relative",
          "whiteSpace": "nowrap",
          "width": undefined,
        }
      }
    >
      <div>
        <div
          style={
            Object {
              "display": "inline-block",
              "textAlign": "center",
              "width": 20,
            }
          }
        >
          1
        </div>
        <div
          style={
            Object {
              "display": "inline-block",
              "textAlign": "center",
              "width": 20,
            }
          }
        >
          .
        </div>
        <div
          style={
            Object {
              "display": "inline-block",
              "textAlign": "center",
              "width": 20,
            }
          }
        >
          3
        </div>
        <div
          style={
            Object {
              "display": "inline-block",
              "textAlign": "center",
              "width": 20,
            }
          }
        >
          .
        </div>
        <div
          style={
            Object {
              "display": "inline-block",
              "textAlign": "center",
              "width": 20,
            }
          }
        >
          5
        </div>
        <div
          style={
            Object {
              "display": "inline-block",
              "textAlign": "center",
              "width": 20,
            }
          }
        >
          .
        </div>
        <div
          style={
            Object {
              "display": "inline-block",
              "textAlign": "center",
              "width": 20,
            }
          }
        >
          7
        </div>
        <div
          style={
            Object {
              "display": "inline-block",
              "textAlign": "center",
              "width": 20,
            }
          }
        >
          .
        </div>
        <div
          style={
            Object {
              "display": "inline-block",
              "textAlign": "center",
              "width": 20,
            }
          }
        >
          9
        </div>
        <div
          style={
            Object {
              "display": "inline-block",
              "textAlign": "center",
              "width": 20,
            }
          }
        >
          .
        </div>
        <div
          style={
            Object {
              "display": "inline-block",
              "textAlign": "center",
              "width": 20,
            }
          }
        >
          11
        </div>
        <div
          style={
            Object {
              "display": "inline-block",
              "textAlign": "center",
              "width": 20,
            }
          }
        >
          .
        </div>
        <div
          style={
            Object {
              "display": "inline-block",
              "textAlign": "center",
              "width": 20,
            }
          }
        >
          13
        </div>
        <div
          style={
            Object {
              "display": "inline-block",
              "textAlign": "center",
              "width": 20,
            }
          }
        >
          .
        </div>
        <div
          style={
            Object {
              "display": "inline-block",
              "textAlign": "center",
              "width": 20,
            }
          }
        >
          15
        </div>
        <div
          style={
            Object {
              "display": "inline-block",
              "textAlign": "center",
              "width": 20,
            }
          }
        >
          .
        </div>
        <div
          style={
            Object {
              "display": "inline-block",
              "textAlign": "center",
              "width": 20,
            }
          }
        >
          17
        </div>
        <div
          style={
            Object {
              "display": "inline-block",
              "textAlign": "center",
              "width": 20,
            }
          }
        >
          .
        </div>
        <div
          style={
            Object {
              "display": "inline-block",
              "textAlign": "center",
              "width": 20,
            }
          }
        >
          19
        </div>
        <div
          style={
            Object {
              "display": "inline-block",
              "textAlign": "center",
              "width": 20,
            }
          }
        >
          .
        </div>
      </div>
    </div>
  </div>
</div>
`;
